[2026-07-16T16:58:36.596Z] Problems webview resolved
[2026-07-16T16:58:36.674Z] Received webview message: debug
{
  "type": "debug",
  "text": "script loaded",
  "extra": ""
}
[2026-07-16T16:58:36.674Z] Webview debug: script loaded
""
[2026-07-16T16:59:33.568Z] Received webview message: debug
{
  "type": "debug",
  "text": "script loaded",
  "extra": ""
}
[2026-07-16T16:59:33.568Z] Webview debug: script loaded
""
[2026-07-16T16:59:39.125Z] Received webview message: debug
{
  "type": "debug",
  "text": "direct fetch button click",
  "extra": ""
}
[2026-07-16T16:59:39.125Z] Webview debug: direct fetch button click
""
[2026-07-16T16:59:39.125Z] Received webview message: debug
{
  "type": "debug",
  "text": "fetchContest input",
  "extra": "https://atcoder.jp/contests/abc178/tasks/abc178_a "
}
[2026-07-16T16:59:39.125Z] Webview debug: fetchContest input
"https://atcoder.jp/contests/abc178/tasks/abc178_a "
[2026-07-16T16:59:39.126Z] Received webview message: fetchContest
{
  "type": "fetchContest",
  "url": "https://atcoder.jp/contests/abc178/tasks/abc178_a "
}
[2026-07-16T16:59:39.184Z] Received webview message: debug
{
  "type": "debug",
  "text": "script loaded",
  "extra": ""
}
[2026-07-16T16:59:39.185Z] Webview debug: script loaded
""
[2026-07-16T16:59:40.357Z] Received webview message: debug
{
  "type": "debug",
  "text": "script loaded",
  "extra": ""
}
[2026-07-16T16:59:40.357Z] Webview debug: script loaded
""
[2026-07-16T16:59:41.688Z] Received webview message: debug
{
  "type": "debug",
  "text": "direct problem click",
  "extra": "abc178_a"
}
[2026-07-16T16:59:41.689Z] Webview debug: direct problem click
"abc178_a"
[2026-07-16T16:59:41.690Z] Received webview message: selectProblem
{
  "type": "selectProblem",
  "problemId": "abc178_a"
}
[2026-07-16T16:59:41.713Z] Received webview message: debug
{
  "type": "debug",
  "text": "script loaded",
  "extra": ""
}
[2026-07-16T16:59:41.714Z] Webview debug: script loaded
""
[2026-07-16T16:59:42.199Z] Received webview message: debug
{
  "type": "debug",
  "text": "script loaded",
  "extra": ""
}
[2026-07-16T16:59:42.199Z] Webview debug: script loaded
""
[2026-07-16T16:59:45.470Z] Received webview message: submit
{
  "type": "submit",
  "problemId": "abc178_a",
  "code": ""
}
[2026-07-16T16:59:57.109Z] Received webview message: debug
{
  "type": "debug",
  "text": "script loaded",
  "extra": ""
}
[2026-07-16T16:59:57.110Z] Webview debug: script loaded
""
[2026-07-16T17:00:14.529Z] Received webview message: runSamples
{
  "type": "runSamples",
  "filePath": "",
  "problemId": "abc178_a"
}
[2026-07-16T17:00:15.894Z] Received webview message: runSamples
{
  "type": "runSamples",
  "filePath": "",
  "problemId": "abc178_a"
}
[2026-07-16T17:00:18.126Z] Received webview message: debug
{
  "type": "debug",
  "text": "script loaded",
  "extra": ""
}
[2026-07-16T17:00:18.126Z] Webview debug: script loaded
""
[2026-07-16T17:00:24.057Z] Received webview message: openFile
{
  "type": "openFile",
  "filePath": "/Users/tayyabalimurtaza/Desktop/cp/ATCODER/grey/Tasks Beginner Contest 178/A.cpp"
}
[2026-07-16T17:00:31.839Z] Received webview message: debug
{
  "type": "debug",
  "text": "script loaded",
  "extra": ""
}
[2026-07-16T17:00:31.840Z] Webview debug: script loaded
""
[2026-07-16T17:00:55.667Z] Received webview message: debug
{
  "type": "debug",
  "text": "script loaded",
  "extra": ""
}
[2026-07-16T17:00:55.668Z] Webview debug: script loaded
""
[2026-07-16T17:01:18.148Z] Received webview message: runSamples
{
  "type": "runSamples",
  "filePath": "",
  "problemId": "abc178_a"
}
[2026-07-16T17:01:19.425Z] Received webview message: runSamples
{
  "type": "runSamples",
  "filePath": "",
  "problemId": "abc178_a"
}
[2026-07-16T17:01:20.095Z] Received webview message: runSamples
{
  "type": "runSamples",
  "filePath": "",
  "problemId": "abc178_a"
}
[2026-07-16T17:01:24.894Z] Received webview message: runSamples
{
  "type": "runSamples",
  "filePath": "",
  "problemId": "abc178_a"
}
[2026-07-16T17:01:25.621Z] Received webview message: debug
{
  "type": "debug",
  "text": "script loaded",
  "extra": ""
}
[2026-07-16T17:01:25.621Z] Webview debug: script loaded
""
[2026-07-16T17:01:34.255Z] Received webview message: runSamples
{
  "type": "runSamples",
  "filePath": "",
  "problemId": "abc178_a"
}
[2026-07-16T17:01:36.720Z] Received webview message: debug
{
  "type": "debug",
  "text": "script loaded",
  "extra": ""
}
[2026-07-16T17:01:36.721Z] Webview debug: script loaded
""
[2026-07-16T17:01:44.937Z] Received webview message: submit
{
  "type": "submit",
  "problemId": "abc178_a",
  "code": ""
}
[2026-07-16T17:02:10.765Z] Received webview message: submit
{
  "type": "submit",
  "problemId": "abc178_a",
  "code": ""
}
[2026-07-16T17:02:36.116Z] Received webview message: submit
{
  "type": "submit",
  "problemId": "abc178_a",
  "code": ""
}
[2026-07-16T17:38:52.844Z] Received webview message: debug
{
  "type": "debug",
  "text": "script loaded",
  "extra": ""
}
[2026-07-16T17:38:52.845Z] Webview debug: script loaded
""
[2026-07-16T17:39:00.121Z] Received webview message: debug
{
  "type": "debug",
  "text": "script loaded",
  "extra": ""
}
[2026-07-16T17:39:00.121Z] Webview debug: script loaded
""
